// Jest Snapshot v1, https://goo.gl/fbAQLP

exports[`Testing the component <CounterApp /> should match snapshot 1`] = `
<div>
  <h1>
    Counter App
  </h1>
  <h2
    data-testid="counter"
  >
    100
  </h2>
  <button>
     +1 
  </button>
  <button>
     -1 
  </button>
  <button>
     reset 
  </button>
</div>
`;
